<!DOCTYPE html><html lang="en">

<head><meta charset="UTF-8"><meta http-equiv="X-UA-Compatible" content="IE=edge"><meta name="viewport" content="width=device-width, initial-scale=1.0"><meta name="generator" content="Asciidoctor 2.0.17"><title> XXX system design document </title><link rel="stylesheet" href="https://cdnjs.cloudflare.com/ajax/libs/font-awesome/4.7.0/css/font-awesome.min.css"><link rel="stylesheet" href="https://cdnjs.cloudflare.com/ajax/libs/highlight.js/9.18.3/styles/github.min.css"></head> 

<body class="book toc2 toc-left"><div id="header"><h1> XXX system design document</h1><div id="toc" class="toc2"><div id="toctitle"> Table of Contents</div><ul class="sectlevel1"><li> <a href="#_ガイド">guide</a></li><li> <a href="#_要件定義">Requirement definition</a><ul class="sectlevel2"><li> <a href="#_ユースケース">Use Cases</a></li><li> <a href="#_用語集">Glossary</a></li></ul></li><li> <a href="#_基本設計">Basic Design</a><ul class="sectlevel2"><li> <a href="#_画面設計">Screen Design</a><ul class="sectlevel3"><li> <a href="#_画面共通">Common screen</a></li></ul></li><li> <a href="#_画面遷移図">Screen transition diagram</a></li><li> <a href="#_db設計">Database Design</a></li></ul></li><li> <a href="#_詳細設計">Detailed Design</a></li></ul></div></div><div id="content"><div class="sect1"><h2 id="_ガイド"> guide</h2><div class="sectionbody"><div class="ulist"><ul><li><p> <a href="設計書作成ガイド/設計書作成ガイド-共通.html">Design Document Creation Guide - Common</a></p></li><li><p> <a href="設計書作成ガイド/設計書作成ガイド-基本設計.html">Design document creation guide - Basic design</a></p></li></ul></div></div></div><div class="sect1"><h2 id="_要件定義"> Requirement definition</h2><div class="sectionbody"><div class="sect2"><h3 id="_ユースケース"> Use Cases</h3><div class="ulist"><ul><li><p> <a href="要件定義/ユースケース/サンプルシステムのユースケース.html">Use Cases</a></p></li></ul></div></div><div class="sect2"><h3 id="_用語集"> Glossary</h3><div class="ulist"><ul><li><p> <a href="要件定義/用語集/用語集.html">Glossary</a></p></li></ul></div></div></div></div><div class="sect1"><h2 id="_基本設計"> Basic Design</h2><div class="sectionbody"><div class="sect2"><h3 id="_画面設計"> Screen Design</h3><div class="ulist"><ul><li><p> <a href="基本設計/画面設計/XXX-XX画面/XXX-XX画面.html">XXX-XX screen</a></p></li><li><p> <a href="基本設計/画面設計/SC001-メニュー一覧画面/SC001-メニュー一覧画面.html">SC001-Menu list screen</a></p></li><li><p> <a href="基本設計/画面設計/SC002-メニュー登録画面/SC002-メニュー登録画面.html">SC002-Menu registration screen</a></p></li></ul></div><div class="sect3"><h4 id="_画面共通"> Common screen</h4><div class="ulist"><ul><li><p> <a href="基本設計/画面設計/画面共通/単項目チェック/単項目チェック.html">Single item check</a></p></li></ul></div></div></div><div class="sect2"><h3 id="_画面遷移図"> Screen transition diagram</h3><div class="ulist"><ul><li><p> <a href="基本設計/画面遷移図/ST001-画面遷移図.html">ST001-Screen transition diagram</a></p></li></ul></div></div><div class="sect2"><h3 id="_db設計"> Database Design</h3><div class="ulist"><ul><li><p> <a href="基本設計/DB設計/テーブル定義/テーブル定義.html">Table definition</a></p></li><li><p> <a href="基本設計/DB設計/マスタ定義/マスタ定義.html">Master definition</a></p></li><li><p> <a href="基本設計/DB設計/ER図/ER図.html">ER Diagram</a></p></li></ul></div></div></div></div><div class="sect1"><h2 id="_詳細設計"> Detailed Design</h2><div class="sectionbody"><div class="paragraph"><div class="ulist"><ul><li><p> <a href="">001-Detailed Design Document</a></p></li><li><p> <a href="">002-Detailed Design Document</a></p></li><li><p> <a href="">003-Detailed Design Document</a></p></li><li><p> <a href="">004-Detailed Design Document</a></p></li><li><p> <a href="">005-Detailed Design Document</a></p></li><li><p> <a href="">006-Detailed Design Document</a></p></li><li><p> <a href="">007-Detailed Design Document</a></p></li><li><p> <a href="">008-Detailed Design Document</a></p></li><li><p> <a href="">009-Detailed Design Document</a></p></li><li><p> <a href="">010-Detailed design document</a></p></li><li><p> <a href="">001-Detailed Design Document</a></p></li><li><p> <a href="">002-Detailed Design Document</a></p></li><li><p> <a href="">003-Detailed Design Document</a></p></li><li><p> <a href="">004-Detailed Design Document</a></p></li><li><p> <a href="">005-Detailed Design Document</a></p></li><li><p> <a href="">006-Detailed Design Document</a></p></li><li><p> <a href="">007-Detailed Design Document</a></p></li><li><p> <a href="">008-Detailed Design Document</a></p></li><li><p> <a href="">009-Detailed Design Document</a></p></li><li><p> <a href="">010-Detailed design document</a></p></li><li><p> <a href="">001-Detailed Design Document</a></p></li><li><p> <a href="">002-Detailed Design Document</a></p></li><li><p> <a href="">003-Detailed Design Document</a></p></li><li><p> <a href="">004-Detailed Design Document</a></p></li><li><p> <a href="">005-Detailed Design Document</a></p></li><li><p> <a href="">006-Detailed Design Document</a></p></li><li><p> <a href="">007-Detailed Design Document</a></p></li><li><p> <a href="">008-Detailed Design Document</a></p></li><li><p> <a href="">009-Detailed Design Document</a></p></li><li><p> <a href="">010-Detailed design document</a></p></li><li><p> <a href="">001-Detailed Design Document</a></p></li><li><p> <a href="">002-Detailed Design Document</a></p></li><li><p> <a href="">003-Detailed Design Document</a></p></li><li><p> <a href="">004-Detailed Design Document</a></p></li><li><p> <a href="">005-Detailed Design Document</a></p></li><li><p> <a href="">006-Detailed Design Document</a></p></li><li><p> <a href="">007-Detailed Design Document</a></p></li><li><p> <a href="">008-Detailed Design Document</a></p></li><li><p> <a href="">009-Detailed Design Document</a></p></li><li><p> <a href="">010-Detailed design document</a></p></li><li><p> <a href="">001-Detailed Design Document</a></p></li><li><p> <a href="">002-Detailed Design Document</a></p></li><li><p> <a href="">003-Detailed Design Document</a></p></li><li><p> <a href="">004-Detailed Design Document</a></p></li><li><p> <a href="">005-Detailed Design Document</a></p></li><li><p> <a href="">006-Detailed Design Document</a></p></li><li><p> <a href="">007-Detailed Design Document</a></p></li><li><p> <a href="">008-Detailed Design Document</a></p></li><li><p> <a href="">009-Detailed Design Document</a></p></li><li><p> <a href="">010-Detailed design document</a></p></li><li><p> <a href="">001-Detailed Design Document</a></p></li><li><p> <a href="">002-Detailed Design Document</a></p></li><li><p> <a href="">003-Detailed Design Document</a></p></li><li><p> <a href="">004-Detailed Design Document</a></p></li><li><p> <a href="">005-Detailed Design Document</a></p></li><li><p> <a href="">006-Detailed Design Document</a></p></li><li><p> <a href="">007-Detailed Design Document</a></p></li><li><p> <a href="">008-Detailed Design Document</a></p></li><li><p> <a href="">009-Detailed Design Document</a></p></li><li><p> <a href="">010-Detailed design document</a></p></li><li><p> <a href="">001-Detailed Design Document</a></p></li><li><p> <a href="">002-Detailed Design Document</a></p></li><li><p> <a href="">003-Detailed Design Document</a></p></li><li><p> <a href="">004-Detailed Design Document</a></p></li><li><p> <a href="">005-Detailed Design Document</a></p></li><li><p> <a href="">006-Detailed Design Document</a></p></li><li><p> <a href="">007-Detailed Design Document</a></p></li><li><p> <a href="">008-Detailed Design Document</a></p></li><li><p> <a href="">009-Detailed Design Document</a></p></li><li><p> <a href="">010-Detailed design document</a></p></li></ul> This is a test sentence.<br> If the text contains the string @XXX, the string after @XxxYyy will also be translated.<br><p> We provide system development specializing in prototyping as a service.<br> Prototyping is a technique in which a minimally functional application is put into commercial production and then developed based on feedback.<br> Application implementation is carried out by our engineers working closely with the client&#39;s domain experts.<br></p><p> We have provided technical consulting and technical support for many SI projects to date.<br> You will participate in SI projects from the early stages, designing and developing Java application architecture and frameworks, and deploying them to the application team.<br> Some of the projects are large, involving more than 100 people, and span a wide range of industries, including communications, finance, transportation, retail, and government agencies.<br></p><p> Taking advantage of this track record and experience, we are currently proposing and implementing prototyping.<br> We believe that the following three points are important in developing valuable systems quickly and cheaply:<br></p>
                        <pre class="highlightjs highlight"><code class="language-java hljs" data-lang="java">
                                // コードは翻訳されない
                                @Entity
                                @Table(name = "master")
                                public class MasterEntity {

                                @Id
                                private String id;

                                }
                            </code></pre>

                        <pre class="highlightjs highlight"><code class="language-java hljs" data-lang="java">//
                                コードは翻訳されない</code></pre>
</div>
                </div>
            </div>
        </div>
    </div>
</body>

</html>